// Jest Snapshot v1, https://goo.gl/fbAQLP

exports[`should render NotFoundPage correctly 1`] = `
<div>
  <h1>
    Error: 404 page not found 
  </h1>
  <Link
    replace={false}
    to="/"
  >
    Home
  </Link>
</div>
`;
